CCA	{[{CAC:[1]}]	[]	[]	[{GCC:[1]}]	{5':[], ~5':[]}	1.0x}
CAC	{[{ACT:[2]}, {ACA:[1]}]	[]	[]	[{CCA:[1]}, {GCA:[2]}]	{5':[], ~5':[]}	2.0x}
CGC	{[{GCC:[3]}]	[]	[]	[]	{5':[(3-0_0)], ~5':[]}	1.0x}
CCG	{[]	[{ACG:[3]}]	[]	[{GCC:[3]}]	{5':[], ~5':[]}	1.0x}
GCA	{[{CAC:[2]}]	[]	[]	[]	{5':[(2-0_0)], ~5':[]}	1.0x}
GAC	{[]	[]	[]	[{ACG:[3]}]	{5':[], ~5':[]}	1.0x}
GCC	{[{CCG:[3]}, {CCA:[1]}]	[]	[]	[{AGC:[1]}, {CGC:[3]}]	{5':[], ~5':[]}	2.0x}
AAA	{[]	[]	[]	[{AAG:[2]}]	{5':[], ~5':[]}	1.0x}
ACA	{[]	[]	[]	[{CAC:[1]}]	{5':[], ~5':[]}	1.0x}
AGC	{[{GCC:[1]}]	[]	[]	[]	{5':[(1-0_0)], ~5':[]}	1.0x}
AAG	{[]	[{ACT:[2]}]	[]	[{AAA:[2]}]	{5':[], ~5':[]}	1.0x}
ACG	{[]	[{CCG:[3]}]	[]	[{GAC:[3]}]	{5':[], ~5':[]}	1.0x}
ACT	{[]	[{AAG:[2]}]	[]	[{CAC:[2]}]	{5':[], ~5':[]}	1.0x}
