CCA	{[]	[]	[]	[{GCC:[1]}]	{5':[], ~5':[]}	1.0x}
CCG	{[]	[]	[]	[{GCC:[2]}]	{5':[], ~5':[]}	1.0x}
GCC	{[{CCG:[2]}, {CCA:[1]}]	[{AGG:[3]}]	[]	[{AGC:[1,2]}]	{5':[(3-0_0)], ~5':[]}	3.0x}
AGC	{[{GCC:[1,2]}]	[]	[]	[]	{5':[(1-0_0),(1-0_0)], ~5':[]}	2.0x}
AAG	{[]	[]	[]	[{AGG:[3]}]	{5':[], ~5':[]}	1.0x}
AGG	{[]	[{GCC:[3]}]	[]	[{AAG:[3]}]	{5':[], ~5':[]}	1.0x}
