CCA	{[]	[]	[]	[{GCC:[1]}]	{5':[], ~5':[]}	1.0x}
CGC	{[{GCC:[2]}]	[]	[]	[]	{5':[(2-0_0)], ~5':[]}	1.0x}
CCG	{[]	[{CCG:[3]}]	[]	[{GCC:[3]}]	{5':[], ~5':[]}	2.0x}
GCC	{[{CCG:[3]}, {CCA:[1]}]	[{AGG:[2]}]	[]	[{AGC:[1]}, {CGC:[2]}]	{5':[(3-0_0)], ~5':[]}	3.0x}
AGC	{[{GCC:[1]}]	[]	[]	[]	{5':[(1-0_0)], ~5':[]}	1.0x}
AGG	{[]	[{GCC:[2]}]	[]	[]	{5':[], ~5':[]}	1.0x}
