CCA	{[]	[]	[]	[{GCC:[2]}]	{5':[], ~5':[]}	1.0x}
CAG	{[{AGC:[1,2]}]	[]	[]	[]	{5':[(2-0_0),(1-0_0)], ~5':[]}	2.0x}
GCC	{[{CCA:[2]}]	[{AGG:[1]}]	[]	[{AGC:[1,2]}]	{5':[], ~5':[]}	2.0x}
AGC	{[{GCC:[1,2]}]	[]	[]	[{CAG:[1,2]}]	{5':[], ~5':[]}	2.0x}
AGG	{[]	[{GCC:[1]}]	[]	[]	{5':[], ~5':[]}	1.0x}
