CGA	{[{GAA:[2]}]	[]	[{CGC:[2]}]	[]	{5':[], ~5':[]}	1.0x}
CGC	{[]	[{AGC:[1]}]	[{CGA:[2]}]	[{GCC:[2]}]	{5':[], ~5':[]}	2.0x}
CAG	{[{AGC:[1]}]	[]	[]	[{ACA:[1]}]	{5':[], ~5':[]}	1.0x}
GAA	{[]	[]	[]	[{CGA:[2]}]	{5':[], ~5':[]}	1.0x}
GCC	{[]	[]	[]	[{CGC:[2]}]	{5':[], ~5':[(2-0_0)]}	1.0x}
ACA	{[{CAG:[1]}]	[]	[]	[]	{5':[(1-0_0)], ~5':[]}	1.0x}
AGC	{[]	[{CGC:[1]}]	[]	[{CAG:[1]}]	{5':[], ~5':[]}	1.0x}
