CAG	{[{AGG:[1,2]}]	[]	[]	[]	{5':[(2-0_0),(1-0_0)], ~5':[]}	2.0x}
GCA	{[]	[]	[{GCC:[1]}]	[]	{5':[], ~5':[]}	1.0x}
GCC	{[]	[{AGG:[1,2]}]	[{GCC:[2]}, {GCA:[1]}]	[]	{5':[], ~5':[]}	3.0x}
AGG	{[]	[{GCC:[1,2]}]	[]	[{CAG:[1,2]}]	{5':[], ~5':[]}	2.0x}
