CCA	{[]	[]	[]	[{GCC:[1]}]	{5':[], ~5':[]}	1.0x}
CAG	{[{AGC:[1]}]	[]	[]	[]	{5':[(1-0_0)], ~5':[]}	1.0x}
CCG	{[]	[{ACG:[2]}]	[]	[{GCC:[2]}]	{5':[], ~5':[]}	1.0x}
GTA	{[]	[]	[{ACG:[2]}]	[]	{5':[], ~5':[]}	1.0x}
GCC	{[{CCG:[2]}, {CCA:[1]}]	[]	[]	[{AGC:[1]}]	{5':[(2-0_0)], ~5':[]}	2.0x}
AGC	{[{GCC:[1]}]	[]	[]	[{CAG:[1]}]	{5':[], ~5':[]}	1.0x}
ACG	{[]	[{CCG:[2]}]	[{GTA:[2]}]	[]	{5':[], ~5':[]}	1.0x}
