((2,1)	[(3,1),(4,1),(2,2)]	[]	[]	[(1,1)]	CGTCC)	(null)
((2,2)	[(2,3)]	[]	[]	[(2,1)]	GTCCT)	(null)
((2,3)	[(2,4)]	[]	[]	[(2,2)]	TCCTT)	(null)
((2,4)	[(4,4),(3,4)]	[]	[]	[(1,4),(2,3)]	CCTTA)	(null)
((4,1)	[(4,2)]	[]	[]	[(1,2),(2,1)]	GTCCT)	(null)
((4,2)	[(4,3)]	[]	[]	[(4,1)]	TCCTT)	(null)
((4,3)	[(4,4)]	[]	[]	[(1,4),(4,2)]	CCTTA)	(null)
((4,4)	[]	[]	[]	[(2,4),(4,3)]	CTTAG)	(null)
((1,1)	[(2,1),(1,2)]	[]	[]	[]	ACGTC)	(null)
((1,2)	[(3,1),(4,1),(1,3)]	[]	[]	[(1,1)]	CGTCC)	(null)
((1,3)	[(1,4)]	[]	[]	[(1,2)]	GTCCT)	(null)
((1,4)	[(3,3),(4,3),(2,4)]	[]	[]	[(1,3)]	TCCTT)	(null)
((3,1)	[(3,2)]	[]	[]	[(1,2),(2,1)]	GTCCT)	(null)
((3,2)	[(3,3)]	[]	[]	[(3,1)]	TCCTT)	(null)
((3,3)	[(3,4)]	[]	[]	[(1,4),(3,2)]	CCTTA)	(null)
((3,4)	[]	[]	[]	[(2,4),(3,3)]	CTTAG)	(null)
