((2,1)	[(2,2)]	[]	[]	[]	CCTCG)	(null)
((2,2)	[(2,3)]	[(1,4)]	[]	[(2,1)]	CTCGC)	(null)
((2,3)	[(2,4)]	[]	[]	[(2,2)]	TCGCA)	(null)
((2,4)	[]	[(1,2)]	[]	[(2,3)]	CGCAC)	(null)
((4,1)	[(4,2)]	[]	[]	[]	GAGGG)	(null)
((4,2)	[(4,3)]	[(5,4)]	[]	[(4,1)]	AGGGT)	(null)
((4,3)	[(4,4)]	[]	[]	[(3,4),(4,2)]	GGGTT)	(null)
((4,4)	[]	[(5,2)]	[]	[(4,3)]	GGTTG)	(null)
((6,1)	[(6,2)]	[]	[(5,3)]	[]	GTTGC)	(null)
((6,2)	[(6,3)]	[(7,4)]	[]	[(6,1)]	TTGCT)	(null)
((6,3)	[(6,4)]	[]	[(5,1)]	[(6,2)]	TGCTG)	(null)
((6,4)	[]	[(7,2)]	[]	[(6,3)]	GCTGA)	(null)
((8,1)	[(24,1),(8,2)]	[]	[(7,3)]	[]	CTGAA)	(null)
((8,2)	[(8,3)]	[(9,4)]	[]	[(8,1)]	TGAAA)	(null)
((8,3)	[(8,4)]	[]	[(7,1)]	[(19,4),(8,2)]	GAAAT)	(null)
((8,4)	[]	[(9,2)]	[]	[(8,3)]	AAATC)	(null)
((10,1)	[(10,2)]	[]	[]	[(11,2)]	GGCAG)	(null)
((10,2)	[(9,1),(10,3)]	[]	[]	[(10,1)]	GCAGA)	(null)
((10,3)	[(10,4)]	[]	[]	[(11,4),(10,2)]	CAGAT)	(null)
((10,4)	[(9,3)]	[]	[]	[(10,3)]	AGATT)	(null)
((12,1)	[(12,2)]	[]	[]	[(13,2)]	CTCTG)	(null)
((12,2)	[(11,1),(12,3)]	[]	[]	[(12,1)]	TCTGG)	(null)
((12,3)	[(12,4)]	[]	[]	[(13,4),(12,2)]	CTGGC)	(null)
((12,4)	[(11,3)]	[]	[]	[(12,3)]	TGGCA)	(null)
((14,1)	[(14,2)]	[]	[]	[(15,2)]	GCATC)	(null)
((14,2)	[(13,1),(14,3)]	[]	[]	[(14,1)]	CATCT)	(null)
((14,3)	[(14,4)]	[]	[]	[(15,4),(14,2)]	ATCTC)	(null)
((14,4)	[(13,3)]	[]	[]	[(14,3)]	TCTCT)	(null)
((16,1)	[(16,2)]	[]	[]	[(17,2)]	AACGG)	(null)
((16,2)	[(15,1),(16,3)]	[]	[]	[(16,1)]	ACGGC)	(null)
((16,3)	[(16,4)]	[]	[]	[(17,4),(16,2)]	CGGCA)	(null)
((16,4)	[(15,3)]	[]	[]	[(16,3)]	GGCAT)	(null)
((18,1)	[(23,1),(18,2)]	[]	[(17,3)]	[]	CGTTT)	(null)
((18,2)	[(7,1),(18,3)]	[(19,4)]	[]	[(18,1)]	GTTTC)	(null)
((18,3)	[(18,4)]	[]	[(17,1)]	[(18,2)]	TTTCA)	(null)
((18,4)	[]	[(19,2)]	[(24,1)]	[(18,3)]	TTCAA)	(null)
((20,1)	[(20,2)]	[]	[(19,3)]	[]	TCAAT)	(null)
((20,2)	[(21,1),(20,3)]	[]	[]	[(20,1)]	CAATA)	(null)
((20,3)	[(20,4)]	[]	[(19,1)]	[(20,2)]	AATAC)	(null)
((20,4)	[(21,3)]	[]	[]	[(20,3)]	ATACG)	(null)
((22,1)	[(22,2)]	[]	[]	[(28,1),(27,3),(21,2)]	TACGT)	(null)
((22,2)	[(22,3)]	[(23,4)]	[]	[(27,4),(22,1)]	ACGTG)	(null)
((22,3)	[(22,4)]	[]	[]	[(21,4),(22,2)]	CGTGA)	(null)
((22,4)	[]	[(23,2)]	[]	[(22,3)]	GTGAA)	(null)
((24,1)	[(17,1),(24,2)]	[]	[(23,3),(18,4),(7,2)]	[(8,1),(19,3)]	TGAAA)	(null)
((24,2)	[(25,1),(24,3)]	[]	[(7,1)]	[(19,4),(24,1)]	GAAAC)	(null)
((24,3)	[(24,4)]	[]	[(23,1)]	[(24,2)]	AAACT)	(null)
((24,4)	[(25,3)]	[]	[]	[(24,3)]	AACTA)	(null)
((26,1)	[(26,2)]	[]	[(27,3)]	[]	GTAAT)	(null)
((26,2)	[(26,3)]	[(25,4)]	[]	[(26,1)]	TAATA)	(null)
((26,3)	[(26,4)]	[]	[(27,1)]	[(26,2)]	AATAG)	(null)
((26,4)	[]	[(25,2)]	[]	[(26,3)]	ATAGT)	(null)
((28,1)	[(22,1),(28,2)]	[]	[]	[(27,2)]	TTACG)	(null)
((28,2)	[(28,3)]	[(29,4)]	[]	[(28,1)]	TACGT)	(null)
((28,3)	[(28,4)]	[]	[]	[(27,4),(28,2)]	ACGTC)	(null)
((28,4)	[(31,3)]	[(29,2)]	[]	[(28,3)]	CGTCA)	(null)
((30,1)	[(30,2)]	[]	[(29,3)]	[(31,2)]	GTCAT)	(null)
((30,2)	[(29,1),(30,3)]	[(31,4)]	[]	[(30,1)]	TCATG)	(null)
((30,3)	[(30,4)]	[]	[(29,1)]	[(31,4),(30,2)]	CATGA)	(null)
((30,4)	[(29,3)]	[(31,2)]	[]	[(30,3)]	ATGAC)	(null)
((32,1)	[(32,2)]	[]	[(33,3),(35,3)]	[]	AAGCG)	(null)
((32,2)	[(31,1),(32,3)]	[]	[]	[(32,1)]	AGCGT)	(null)
((32,3)	[(32,4)]	[]	[]	[(32,2)]	GCGTC)	(null)
((32,4)	[(31,3)]	[(29,2)]	[]	[(32,3)]	CGTCA)	(null)
((34,1)	[(34,2)]	[]	[]	[(33,2),(35,2)]	GCTTA)	(null)
((34,2)	[(34,3)]	[(35,4),(33,4)]	[]	[(34,1)]	CTTAA)	(null)
((34,3)	[(34,4)]	[]	[]	[(35,4),(33,4),(34,2)]	TTAAG)	(null)
((34,4)	[]	[(33,2),(35,2)]	[]	[(34,3)]	TAAGC)	(null)
((36,1)	[(36,2)]	[]	[(33,3),(35,3)]	[]	AAGCG)	(null)
((36,2)	[(36,3)]	[(37,4)]	[]	[(36,1)]	AGCGT)	(null)
((36,3)	[(36,4)]	[]	[]	[(36,2)]	GCGTG)	(null)
((36,4)	[]	[(37,2)]	[]	[(36,3)]	CGTGT)	(null)
((1,1)	[(1,2)]	[]	[]	[]	TAGTG)	(null)
((1,2)	[(1,3)]	[(2,4)]	[]	[(1,1)]	AGTGC)	(null)
((1,3)	[(1,4)]	[]	[]	[(1,2)]	GTGCG)	(null)
((1,4)	[]	[(2,2)]	[]	[(1,3)]	TGCGA)	(null)
((3,1)	[(3,3)]	[]	[]	[]	GCTAGG)	(null)
((3,3)	[(3,4)]	[]	[]	[(3,1)]	TAGGG)	(null)
((3,4)	[(4,3)]	[]	[]	[(3,3)]	AGGGT)	(null)
((5,1)	[(5,2)]	[]	[(6,3)]	[]	AGCAA)	(null)
((5,2)	[(5,3)]	[(4,4)]	[]	[(5,1)]	GCAAC)	(null)
((5,3)	[(5,4)]	[]	[(6,1)]	[(5,2)]	CAACC)	(null)
((5,4)	[]	[(4,2)]	[]	[(5,3)]	AACCC)	(null)
((7,1)	[(7,2)]	[]	[(8,3),(24,2)]	[(18,2),(23,1)]	TTTCA)	(null)
((7,2)	[(7,3)]	[(6,4)]	[(24,1)]	[(7,1)]	TTCAG)	(null)
((7,3)	[(7,4)]	[]	[(8,1)]	[(7,2)]	TCAGC)	(null)
((7,4)	[]	[(6,2)]	[]	[(7,3)]	CAGCA)	(null)
((9,1)	[(9,2)]	[]	[]	[(10,2)]	CAGAT)	(null)
((9,2)	[(9,3)]	[(8,4)]	[]	[(9,1)]	AGATT)	(null)
((9,3)	[(9,4)]	[]	[]	[(10,4),(9,2)]	GATTT)	(null)
((9,4)	[]	[(8,2)]	[]	[(9,3)]	ATTTC)	(null)
((11,1)	[(11,2)]	[]	[]	[(12,2)]	CTGGC)	(null)
((11,2)	[(10,1),(11,3)]	[]	[]	[(11,1)]	TGGCA)	(null)
((11,3)	[(11,4)]	[]	[]	[(12,4),(11,2)]	GGCAG)	(null)
((11,4)	[(10,3)]	[]	[]	[(11,3)]	GCAGA)	(null)
((13,1)	[(13,2)]	[]	[]	[(14,2)]	ATCTC)	(null)
((13,2)	[(12,1),(13,3)]	[]	[]	[(13,1)]	TCTCT)	(null)
((13,3)	[(13,4)]	[]	[]	[(14,4),(13,2)]	CTCTG)	(null)
((13,4)	[(12,3)]	[]	[]	[(13,3)]	TCTGG)	(null)
((15,1)	[(15,2)]	[]	[]	[(16,2)]	CGGCA)	(null)
((15,2)	[(14,1),(15,3)]	[]	[]	[(15,1)]	GGCAT)	(null)
((15,3)	[(15,4)]	[]	[]	[(16,4),(15,2)]	GCATC)	(null)
((15,4)	[(14,3)]	[]	[]	[(15,3)]	CATCT)	(null)
((17,1)	[(17,2)]	[]	[(23,2),(18,3)]	[(24,1)]	GAAAC)	(null)
((17,2)	[(16,1),(17,3)]	[]	[(23,1)]	[(17,1)]	AAACG)	(null)
((17,3)	[(17,4)]	[]	[(18,1)]	[(17,2)]	AACGG)	(null)
((17,4)	[(16,3)]	[]	[]	[(17,3)]	ACGGC)	(null)
((19,1)	[(19,2)]	[]	[(20,3)]	[]	TATTG)	(null)
((19,2)	[(19,3)]	[(18,4)]	[]	[(19,1)]	ATTGA)	(null)
((19,3)	[(24,1),(19,4)]	[]	[(20,1)]	[(19,2)]	TTGAA)	(null)
((19,4)	[(8,3),(24,2)]	[(18,2),(23,1)]	[]	[(19,3)]	TGAAA)	(null)
((21,1)	[(21,2)]	[]	[]	[(20,2)]	AATAC)	(null)
((21,2)	[(22,1),(21,3)]	[]	[]	[(21,1)]	ATACG)	(null)
((21,3)	[(21,4)]	[]	[]	[(20,4),(21,2)]	TACGT)	(null)
((21,4)	[(22,3)]	[]	[]	[(27,4),(21,3)]	ACGTG)	(null)
((23,1)	[(7,1),(23,2)]	[(19,4)]	[(24,3),(17,2)]	[(18,1)]	GTTTC)	(null)
((23,2)	[(23,3)]	[(22,4)]	[(17,1)]	[(23,1)]	TTTCA)	(null)
((23,3)	[(23,4)]	[]	[(24,1)]	[(23,2)]	TTCAC)	(null)
((23,4)	[]	[(22,2)]	[]	[(23,3)]	TCACG)	(null)
((25,1)	[(25,2)]	[]	[]	[(24,2)]	AAACT)	(null)
((25,2)	[(25,3)]	[(26,4)]	[]	[(25,1)]	AACTA)	(null)
((25,3)	[(25,4)]	[]	[]	[(24,4),(25,2)]	ACTAT)	(null)
((25,4)	[]	[(26,2)]	[]	[(25,3)]	CTATT)	(null)
((27,1)	[(27,2)]	[]	[(26,3)]	[]	TATTA)	(null)
((27,2)	[(28,1),(27,3)]	[]	[]	[(27,1)]	ATTAC)	(null)
((27,3)	[(22,1),(27,4)]	[]	[(26,1)]	[(27,2)]	TTACG)	(null)
((27,4)	[(28,3),(21,4),(22,2)]	[]	[]	[(27,3)]	TACGT)	(null)
((29,1)	[(29,2)]	[]	[(30,3)]	[(30,2)]	CATGA)	(null)
((29,2)	[(29,3)]	[(32,4),(28,4)]	[]	[(29,1)]	ATGAC)	(null)
((29,3)	[(29,4)]	[]	[(30,1)]	[(30,4),(29,2)]	TGACG)	(null)
((29,4)	[]	[(28,2)]	[]	[(29,3)]	GACGT)	(null)
((31,1)	[(31,2)]	[]	[]	[(32,2)]	GCGTC)	(null)
((31,2)	[(30,1),(31,3)]	[(30,4)]	[]	[(31,1)]	CGTCA)	(null)
((31,3)	[(31,4)]	[]	[]	[(32,4),(28,4),(31,2)]	GTCAT)	(null)
((31,4)	[(30,3)]	[(30,2)]	[]	[(31,3)]	TCATG)	(null)
((33,1)	[(33,2)]	[]	[]	[]	TCGCT)	(null)
((33,2)	[(34,1),(33,3)]	[(34,4)]	[]	[(33,1)]	CGCTT)	(null)
((33,3)	[(33,4)]	[]	[(36,1),(32,1)]	[(33,2)]	GCTTA)	(null)
((33,4)	[(34,3)]	[(34,2)]	[]	[(33,3)]	CTTAA)	(null)
((35,1)	[(35,2)]	[]	[]	[]	TCGCT)	(null)
((35,2)	[(34,1),(35,3)]	[(34,4)]	[]	[(35,1)]	CGCTT)	(null)
((35,3)	[(35,4)]	[]	[(36,1),(32,1)]	[(35,2)]	GCTTA)	(null)
((35,4)	[(34,3)]	[(34,2)]	[]	[(35,3)]	CTTAA)	(null)
((37,1)	[(37,2)]	[]	[]	[]	CCACA)	(null)
((37,2)	[(37,3)]	[(36,4)]	[]	[(37,1)]	CACAC)	(null)
((37,3)	[(37,4)]	[]	[]	[(37,2)]	ACACG)	(null)
((37,4)	[]	[(36,2)]	[]	[(37,3)]	CACGC)	(null)
