((2,1)	[(2,2)]	[]	[]	[(1,3)]	CGTAT)	(null)
((2,2)	[(2,3)]	[]	[]	[(1,4),(2,1)]	GTATT)	(null)
((2,3)	[(2,4)]	[]	[]	[(2,2)]	TATTC)	(null)
((2,4)	[]	[]	[]	[(2,3)]	ATTCC)	(null)
((1,1)	[(1,2)]	[]	[]	[]	AAACG)	(null)
((1,2)	[(1,3)]	[]	[]	[(1,1)]	AACGT)	(null)
((1,3)	[(2,1),(1,4)]	[(3,4)]	[]	[(1,2)]	ACGTA)	(null)
((1,4)	[(2,2)]	[(3,3)]	[]	[(1,3)]	CGTAT)	(null)
((3,1)	[(3,2)]	[]	[]	[]	GGAAT)	(null)
((3,2)	[(3,3)]	[]	[]	[(3,1)]	GAATA)	(null)
((3,3)	[(3,4)]	[(1,4)]	[]	[(3,2)]	AATAC)	(null)
((3,4)	[]	[(1,3)]	[]	[(3,3)]	ATACG)	(null)
