((2,1)	[(2,2)]	[]	[]	[]	GGAAT)	(null)
((2,2)	[(2,3)]	[]	[]	[(2,1)]	GAATA)	(null)
((2,3)	[(2,4)]	[]	[]	[(2,2)]	AATAC)	(null)
((2,4)	[]	[(1,2)]	[]	[(2,3)]	ATACG)	(null)
((1,1)	[(1,2)]	[]	[]	[]	AACGT)	(null)
((1,2)	[(1,3)]	[(2,4)]	[]	[(1,1)]	ACGTA)	(null)
((1,3)	[(1,4)]	[]	[]	[(1,2)]	CGTAT)	(null)
((1,4)	[]	[]	[]	[(1,3)]	GTATA)	(null)
