((2,1)	[(2,2)]	[]	[]	[]	AATAG)	(null)
((2,2)	[(2,3)]	[]	[]	[(2,1)]	ATAGA)	(null)
((2,3)	[(6,1),(2,4)]	[]	[]	[(2,2)]	TAGAA)	(null)
((2,4)	[(6,2)]	[]	[]	[(2,3)]	AGAAG)	(null)
((4,1)	[(4,2)]	[]	[]	[]	AATAG)	(null)
((4,2)	[(4,3)]	[]	[]	[(4,1)]	ATAGA)	(null)
((4,3)	[(6,1),(4,4)]	[]	[]	[(4,2)]	TAGAA)	(null)
((4,4)	[(6,2)]	[]	[]	[(4,3)]	AGAAG)	(null)
((6,1)	[(6,2)]	[]	[]	[(2,3),(1,3),(3,3),(4,3),(5,3)]	AGAAG)	(null)
((6,2)	[(6,3)]	[]	[]	[(2,4),(3,4),(1,4),(4,4),(5,4),(6,1)]	GAAGA)	(null)
((6,3)	[(6,4)]	[]	[]	[(6,2)]	AAGAA)	(null)
((6,4)	[]	[]	[]	[(6,3)]	AGAAG)	(null)
((1,1)	[(1,2)]	[]	[]	[]	AATAG)	(null)
((1,2)	[(1,3)]	[]	[]	[(1,1)]	ATAGA)	(null)
((1,3)	[(6,1),(1,4)]	[]	[]	[(1,2)]	TAGAA)	(null)
((1,4)	[(6,2)]	[]	[]	[(1,3)]	AGAAG)	(null)
((3,1)	[(3,2)]	[]	[]	[]	AATAG)	(null)
((3,2)	[(3,3)]	[]	[]	[(3,1)]	ATAGA)	(null)
((3,3)	[(6,1),(3,4)]	[]	[]	[(3,2)]	TAGAA)	(null)
((3,4)	[(6,2)]	[]	[]	[(3,3)]	AGAAG)	(null)
((5,1)	[(5,2)]	[]	[]	[]	AATAG)	(null)
((5,2)	[(5,3)]	[]	[]	[(5,1)]	ATAGA)	(null)
((5,3)	[(6,1),(5,4)]	[]	[]	[(5,2)]	TAGAA)	(null)
((5,4)	[(6,2)]	[]	[]	[(5,3)]	AGAAG)	(null)
