((2,1)	[(2,2)]	[]	[]	[(1,3)]	AGAAG)	(null)
((2,2)	[(2,3)]	[]	[]	[(1,4),(2,1)]	GAAGC)	(null)
((2,3)	[(2,4)]	[]	[]	[(2,2)]	AAGCC)	(null)
((2,4)	[]	[]	[]	[(2,3)]	AGCCC)	(null)
((1,1)	[(1,2)]	[]	[]	[]	AATAG)	(null)
((1,2)	[(1,3)]	[]	[]	[(1,1)]	ATAGA)	(null)
((1,3)	[(2,1),(1,4)]	[]	[]	[(1,2)]	TAGAA)	(null)
((1,4)	[(2,2)]	[]	[]	[(1,3)]	AGAAG)	(null)
